Windows PowerShell
Copyright (C) Microsoft Corporation. All rights reserved.

Install the latest PowerShell for new features and improvements! https://aka.ms/PSWindows

PS E:\linux> docker pull ubuntu:22.04
22.04: Pulling from library/ubuntu
7e49dc6156b0: Download complete
Digest: sha256:104ae83764a5119017b8e8d6218fa0832b09df65aae7d5a6de29a85d813da2fb
Status: Downloaded newer image for ubuntu:22.04
docker.io/library/ubuntu:22.04
PS E:\linux> docker run --rm -it ubuntu:22.04 bash
root@f387ea541563:/# apt-get -qq update

root@f387ea541563:/#
root@f387ea541563:/# apt-get install -y --no-install-recommends python3 curl ca-certificates
Reading package lists... Done
Building dependency tree... Done
Reading state information... Done
The following additional packages will be installed:
  libbrotli1 libcurl4 libexpat1 libldap-2.5-0 libmpdec3 libnghttp2-14 libpsl5 libpython3-stdlib libpython3.10-minimal
  libpython3.10-stdlib libreadline8 librtmp1 libsasl2-2 libsasl2-modules-db libsqlite3-0 libssh-4 media-types openssl
  python3-minimal python3.10 python3.10-minimal readline-common
Suggested packages:
  python3-doc python3-tk python3-venv python3.10-venv python3.10-doc binutils binfmt-support readline-doc
Recommended packages:
  libldap-common publicsuffix libsasl2-modules
The following NEW packages will be installed:
  ca-certificates curl libbrotli1 libcurl4 libexpat1 libldap-2.5-0 libmpdec3 libnghttp2-14 libpsl5 libpython3-stdlib
  libpython3.10-minimal libpython3.10-stdlib libreadline8 librtmp1 libsasl2-2 libsasl2-modules-db libsqlite3-0
  libssh-4 media-types openssl python3 python3-minimal python3.10 python3.10-minimal readline-common
0 upgraded, 25 newly installed, 0 to remove and 2 not upgraded.
Need to get 9339 kB of archives.
After this operation, 29.9 MB of additional disk space will be used.
Get:1 http://archive.ubuntu.com/ubuntu jammy-updates/main amd64 libpython3.10-minimal amd64 3.10.12-1~22.04.13 [815 kB]
Get:2 http://archive.ubuntu.com/ubuntu jammy-updates/main amd64 libexpat1 amd64 2.4.7-1ubuntu0.6 [92.1 kB]
Get:3 http://archive.ubuntu.com/ubuntu jammy-updates/main amd64 python3.10-minimal amd64 3.10.12-1~22.04.13 [2272 kB]
Get:4 http://archive.ubuntu.com/ubuntu jammy-updates/main amd64 python3-minimal amd64 3.10.6-1~22.04.1 [24.3 kB]
Get:5 http://archive.ubuntu.com/ubuntu jammy/main amd64 media-types all 7.0.0 [25.5 kB]
Get:6 http://archive.ubuntu.com/ubuntu jammy/main amd64 libmpdec3 amd64 2.5.1-2build2 [86.8 kB]
Get:7 http://archive.ubuntu.com/ubuntu jammy/main amd64 readline-common all 8.1.2-1 [53.5 kB]
Get:8 http://archive.ubuntu.com/ubuntu jammy/main amd64 libreadline8 amd64 8.1.2-1 [153 kB]
Get:9 http://archive.ubuntu.com/ubuntu jammy-updates/main amd64 libsqlite3-0 amd64 3.37.2-2ubuntu0.5 [643 kB]
Get:10 http://archive.ubuntu.com/ubuntu jammy-updates/main amd64 libpython3.10-stdlib amd64 3.10.12-1~22.04.13 [1850 kB]
Get:11 http://archive.ubuntu.com/ubuntu jammy-updates/main amd64 python3.10 amd64 3.10.12-1~22.04.13 [508 kB]
Get:12 http://archive.ubuntu.com/ubuntu jammy-updates/main amd64 libpython3-stdlib amd64 3.10.6-1~22.04.1 [6812 B]
Get:13 http://archive.ubuntu.com/ubuntu jammy-updates/main amd64 python3 amd64 3.10.6-1~22.04.1 [22.8 kB]
Get:14 http://archive.ubuntu.com/ubuntu jammy-updates/main amd64 openssl amd64 3.0.2-0ubuntu1.20 [1185 kB]
Get:15 http://archive.ubuntu.com/ubuntu jammy-updates/main amd64 ca-certificates all 20240203~22.04.1 [162 kB]
Get:16 http://archive.ubuntu.com/ubuntu jammy-updates/main amd64 libnghttp2-14 amd64 1.43.0-1ubuntu0.2 [76.9 kB]
Get:17 http://archive.ubuntu.com/ubuntu jammy/main amd64 libpsl5 amd64 0.21.0-1.2build2 [58.4 kB]
Get:18 http://archive.ubuntu.com/ubuntu jammy/main amd64 libbrotli1 amd64 1.0.9-2build6 [315 kB]
Get:19 http://archive.ubuntu.com/ubuntu jammy-updates/main amd64 libsasl2-modules-db amd64 2.1.27+dfsg2-3ubuntu1.2 [20.5 kB]
Get:20 http://archive.ubuntu.com/ubuntu jammy-updates/main amd64 libsasl2-2 amd64 2.1.27+dfsg2-3ubuntu1.2 [53.8 kB]
Get:21 http://archive.ubuntu.com/ubuntu jammy-updates/main amd64 libldap-2.5-0 amd64 2.5.19+dfsg-0ubuntu0.22.04.1 [184 kB]
Get:22 http://archive.ubuntu.com/ubuntu jammy/main amd64 librtmp1 amd64 2.4+20151223.gitfa8646d.1-2build4 [58.2 kB]
Get:23 http://archive.ubuntu.com/ubuntu jammy-updates/main amd64 libssh-4 amd64 0.9.6-2ubuntu0.22.04.5 [187 kB]
Get:24 http://archive.ubuntu.com/ubuntu jammy-updates/main amd64 libcurl4 amd64 7.81.0-1ubuntu1.21 [290 kB]
Get:25 http://archive.ubuntu.com/ubuntu jammy-updates/main amd64 curl amd64 7.81.0-1ubuntu1.21 [194 kB]
Fetched 9339 kB in 5s (1842 kB/s)
debconf: delaying package configuration, since apt-utils is not installed
Selecting previously unselected package libpython3.10-minimal:amd64.
(Reading database ... 4393 files and directories currently installed.)
Preparing to unpack .../libpython3.10-minimal_3.10.12-1~22.04.13_amd64.deb ...
Unpacking libpython3.10-minimal:amd64 (3.10.12-1~22.04.13) ...
Selecting previously unselected package libexpat1:amd64.
Preparing to unpack .../libexpat1_2.4.7-1ubuntu0.6_amd64.deb ...
Unpacking libexpat1:amd64 (2.4.7-1ubuntu0.6) ...
Selecting previously unselected package python3.10-minimal.
Preparing to unpack .../python3.10-minimal_3.10.12-1~22.04.13_amd64.deb ...
Unpacking python3.10-minimal (3.10.12-1~22.04.13) ...
Setting up libpython3.10-minimal:amd64 (3.10.12-1~22.04.13) ...
Setting up libexpat1:amd64 (2.4.7-1ubuntu0.6) ...
Setting up python3.10-minimal (3.10.12-1~22.04.13) ...
Selecting previously unselected package python3-minimal.
(Reading database ... 4697 files and directories currently installed.)
Preparing to unpack .../0-python3-minimal_3.10.6-1~22.04.1_amd64.deb ...
Unpacking python3-minimal (3.10.6-1~22.04.1) ...
Selecting previously unselected package media-types.
Preparing to unpack .../1-media-types_7.0.0_all.deb ...
Unpacking media-types (7.0.0) ...
Selecting previously unselected package libmpdec3:amd64.
Preparing to unpack .../2-libmpdec3_2.5.1-2build2_amd64.deb ...
Unpacking libmpdec3:amd64 (2.5.1-2build2) ...
Selecting previously unselected package readline-common.
Preparing to unpack .../3-readline-common_8.1.2-1_all.deb ...
Unpacking readline-common (8.1.2-1) ...
Selecting previously unselected package libreadline8:amd64.
Preparing to unpack .../4-libreadline8_8.1.2-1_amd64.deb ...
Unpacking libreadline8:amd64 (8.1.2-1) ...
Selecting previously unselected package libsqlite3-0:amd64.
Preparing to unpack .../5-libsqlite3-0_3.37.2-2ubuntu0.5_amd64.deb ...
Unpacking libsqlite3-0:amd64 (3.37.2-2ubuntu0.5) ...
Selecting previously unselected package libpython3.10-stdlib:amd64.
Preparing to unpack .../6-libpython3.10-stdlib_3.10.12-1~22.04.13_amd64.deb ...
Unpacking libpython3.10-stdlib:amd64 (3.10.12-1~22.04.13) ...
Selecting previously unselected package python3.10.
Preparing to unpack .../7-python3.10_3.10.12-1~22.04.13_amd64.deb ...
Unpacking python3.10 (3.10.12-1~22.04.13) ...
Selecting previously unselected package libpython3-stdlib:amd64.
Preparing to unpack .../8-libpython3-stdlib_3.10.6-1~22.04.1_amd64.deb ...
Unpacking libpython3-stdlib:amd64 (3.10.6-1~22.04.1) ...
Setting up python3-minimal (3.10.6-1~22.04.1) ...
Selecting previously unselected package python3.
(Reading database ... 5127 files and directories currently installed.)
Preparing to unpack .../00-python3_3.10.6-1~22.04.1_amd64.deb ...
Unpacking python3 (3.10.6-1~22.04.1) ...
Selecting previously unselected package openssl.
Preparing to unpack .../01-openssl_3.0.2-0ubuntu1.20_amd64.deb ...
Unpacking openssl (3.0.2-0ubuntu1.20) ...
Selecting previously unselected package ca-certificates.
Preparing to unpack .../02-ca-certificates_20240203~22.04.1_all.deb ...
Unpacking ca-certificates (20240203~22.04.1) ...
Selecting previously unselected package libnghttp2-14:amd64.
Preparing to unpack .../03-libnghttp2-14_1.43.0-1ubuntu0.2_amd64.deb ...
Unpacking libnghttp2-14:amd64 (1.43.0-1ubuntu0.2) ...
Selecting previously unselected package libpsl5:amd64.
Preparing to unpack .../04-libpsl5_0.21.0-1.2build2_amd64.deb ...
Unpacking libpsl5:amd64 (0.21.0-1.2build2) ...
Selecting previously unselected package libbrotli1:amd64.
Preparing to unpack .../05-libbrotli1_1.0.9-2build6_amd64.deb ...
Unpacking libbrotli1:amd64 (1.0.9-2build6) ...
Selecting previously unselected package libsasl2-modules-db:amd64.
Preparing to unpack .../06-libsasl2-modules-db_2.1.27+dfsg2-3ubuntu1.2_amd64.deb ...
Unpacking libsasl2-modules-db:amd64 (2.1.27+dfsg2-3ubuntu1.2) ...
Selecting previously unselected package libsasl2-2:amd64.
Preparing to unpack .../07-libsasl2-2_2.1.27+dfsg2-3ubuntu1.2_amd64.deb ...
Unpacking libsasl2-2:amd64 (2.1.27+dfsg2-3ubuntu1.2) ...
Selecting previously unselected package libldap-2.5-0:amd64.
Preparing to unpack .../08-libldap-2.5-0_2.5.19+dfsg-0ubuntu0.22.04.1_amd64.deb ...
Unpacking libldap-2.5-0:amd64 (2.5.19+dfsg-0ubuntu0.22.04.1) ...
Selecting previously unselected package librtmp1:amd64.
Preparing to unpack .../09-librtmp1_2.4+20151223.gitfa8646d.1-2build4_amd64.deb ...
Unpacking librtmp1:amd64 (2.4+20151223.gitfa8646d.1-2build4) ...
Selecting previously unselected package libssh-4:amd64.
Preparing to unpack .../10-libssh-4_0.9.6-2ubuntu0.22.04.5_amd64.deb ...
Unpacking libssh-4:amd64 (0.9.6-2ubuntu0.22.04.5) ...
Selecting previously unselected package libcurl4:amd64.
Preparing to unpack .../11-libcurl4_7.81.0-1ubuntu1.21_amd64.deb ...
Unpacking libcurl4:amd64 (7.81.0-1ubuntu1.21) ...
Selecting previously unselected package curl.
Preparing to unpack .../12-curl_7.81.0-1ubuntu1.21_amd64.deb ...
Unpacking curl (7.81.0-1ubuntu1.21) ...
Setting up media-types (7.0.0) ...
Setting up libpsl5:amd64 (0.21.0-1.2build2) ...
Setting up libbrotli1:amd64 (1.0.9-2build6) ...
Setting up libsqlite3-0:amd64 (3.37.2-2ubuntu0.5) ...
Setting up libnghttp2-14:amd64 (1.43.0-1ubuntu0.2) ...
Setting up libsasl2-modules-db:amd64 (2.1.27+dfsg2-3ubuntu1.2) ...
Setting up librtmp1:amd64 (2.4+20151223.gitfa8646d.1-2build4) ...
Setting up libsasl2-2:amd64 (2.1.27+dfsg2-3ubuntu1.2) ...
Setting up libssh-4:amd64 (0.9.6-2ubuntu0.22.04.5) ...
Setting up libmpdec3:amd64 (2.5.1-2build2) ...
Setting up openssl (3.0.2-0ubuntu1.20) ...
Setting up readline-common (8.1.2-1) ...
Setting up libreadline8:amd64 (8.1.2-1) ...
Setting up libldap-2.5-0:amd64 (2.5.19+dfsg-0ubuntu0.22.04.1) ...
Setting up libpython3.10-stdlib:amd64 (3.10.12-1~22.04.13) ...
Setting up ca-certificates (20240203~22.04.1) ...
debconf: unable to initialize frontend: Dialog
debconf: (No usable dialog-like program is installed, so the dialog based frontend cannot be used. at /usr/share/perl5/Debconf/FrontEnd/Dialog.pm line 78.)
debconf: falling back to frontend: Readline
debconf: unable to initialize frontend: Readline
debconf: (Can't locate Term/ReadLine.pm in @INC (you may need to install the Term::ReadLine module) (@INC contains: /etc/perl /usr/local/lib/x86_64-linux-gnu/perl/5.34.0 /usr/local/share/perl/5.34.0 /usr/lib/x86_64-linux-gnu/perl5/5.34 /usr/share/perl5 /usr/lib/x86_64-linux-gnu/perl-base /usr/lib/x86_64-linux-gnu/perl/5.34 /usr/share/perl/5.34 /usr/local/lib/site_perl) at /usr/share/perl5/Debconf/FrontEnd/Readline.pm line 7.)
debconf: falling back to frontend: Teletype
Updating certificates in /etc/ssl/certs...
146 added, 0 removed; done.
Setting up libcurl4:amd64 (7.81.0-1ubuntu1.21) ...
Setting up curl (7.81.0-1ubuntu1.21) ...
Setting up libpython3-stdlib:amd64 (3.10.6-1~22.04.1) ...
Setting up python3.10 (3.10.12-1~22.04.13) ...
Setting up python3 (3.10.6-1~22.04.1) ...
running python rtupdate hooks for python3.10...
running python post-rtupdate hooks for python3.10...
Processing triggers for libc-bin (2.35-0ubuntu3.11) ...
Processing triggers for ca-certificates (20240203~22.04.1) ...
Updating certificates in /etc/ssl/certs...
0 added, 0 removed; done.
Running hooks in /etc/ca-certificates/update.d...
done.
root@f387ea541563:/# update-alternatives --install /usr/bin/python python /usr/bin/python3 1
update-alternatives: using /usr/bin/python3 to provide /usr/bin/python (python) in auto mode
root@f387ea541563:/# python - <<<'import sys; print(sys.version)'
3.10.12 (main, Jan  8 2026, 06:52:19) [GCC 11.4.0]
root@f387ea541563:/# printf 'print("Hello from Ubuntu Docker")\n' > /tmp/app.py
root@f387ea541563:/# python < /tmp/app.py
Hello from Ubuntu Docker
root@f387ea541563:/# python -c 'print(sum(range(1,11)))'
55
root@f387ea541563:/# curl -s https://raw.githubusercontent.com/python/cpython/main/Tools/demo/beer.py | python
  File "<stdin>", line 1
    404: Not Found
    ^^^
SyntaxError: illegal target for annotation
root@f387ea541563:/# curl -fsSL https://raw.githubusercontent.com/python/cpython/3.12/Tools/demo/beer.py \
| python
curl: (22) The requested URL returned error: 404
root@f387ea541563:/# curl -fsSL https://raw.githubusercontent.com/python/cpython/3.12/Tools/demo/beer.py \
|| echo 'print("Download failed")' \
| python
curl: (22) The requested URL returned error: 404
Download failed
root@f387ea541563:/# curl -fsSL https://raw.githubusercontent.com/TheAlgorithms/Python/master/maths/fibonacci.py | python
Traceback (most recent call last):
  File "<stdin>", line 22, in <module>
ModuleNotFoundError: No module named 'numpy'
root@f387ea541563:/# apt-get -qq update
apt-get install -y --no-install-recommends python3-pip python3-venv
python -m pip install --no-cache-dir numpy
Reading package lists... Done
Building dependency tree... Done
Reading state information... Done
The following additional packages will be installed:
  python3-distutils python3-lib2to3 python3-pip-whl python3-pkg-resources python3-setuptools python3-setuptools-whl
  python3-wheel python3.10-venv
Suggested packages:
  python-setuptools-doc
Recommended packages:
  build-essential python3-dev
The following NEW packages will be installed:
  python3-distutils python3-lib2to3 python3-pip python3-pip-whl python3-pkg-resources python3-setuptools
  python3-setuptools-whl python3-venv python3-wheel python3.10-venv
0 upgraded, 10 newly installed, 0 to remove and 2 not upgraded.
Need to get 4506 kB of archives.
After this operation, 13.7 MB of additional disk space will be used.
Get:1 http://archive.ubuntu.com/ubuntu jammy-updates/main amd64 python3-pkg-resources all 59.6.0-1.2ubuntu0.22.04.3 [133 kB]
Get:2 http://archive.ubuntu.com/ubuntu jammy-updates/main amd64 python3-lib2to3 all 3.10.8-1~22.04 [77.6 kB]
Get:3 http://archive.ubuntu.com/ubuntu jammy-updates/main amd64 python3-distutils all 3.10.8-1~22.04 [139 kB]
Get:4 http://archive.ubuntu.com/ubuntu jammy-updates/main amd64 python3-setuptools all 59.6.0-1.2ubuntu0.22.04.3 [340 kB]
Get:5 http://archive.ubuntu.com/ubuntu jammy-updates/universe amd64 python3-wheel all 0.37.1-2ubuntu0.22.04.1 [32.0 kB]
Get:6 http://archive.ubuntu.com/ubuntu jammy-updates/universe amd64 python3-pip all 22.0.2+dfsg-1ubuntu0.7 [1306 kB]
Get:7 http://archive.ubuntu.com/ubuntu jammy-updates/universe amd64 python3-pip-whl all 22.0.2+dfsg-1ubuntu0.7 [1683 kB]
Get:8 http://archive.ubuntu.com/ubuntu jammy-updates/universe amd64 python3-setuptools-whl all 59.6.0-1.2ubuntu0.22.04.3 [789 kB]
Ign:8 http://archive.ubuntu.com/ubuntu jammy-updates/universe amd64 python3-setuptools-whl all 59.6.0-1.2ubuntu0.22.04.3
Get:9 http://archive.ubuntu.com/ubuntu jammy-updates/universe amd64 python3.10-venv amd64 3.10.12-1~22.04.13 [5720 B]
Get:10 http://archive.ubuntu.com/ubuntu jammy-updates/universe amd64 python3-venv amd64 3.10.6-1~22.04.1 [1042 B]
Get:8 http://archive.ubuntu.com/ubuntu jammy-updates/universe amd64 python3-setuptools-whl all 59.6.0-1.2ubuntu0.22.04.3 [789 kB]
Fetched 4127 kB in 26s (158 kB/s)
debconf: delaying package configuration, since apt-utils is not installed
Selecting previously unselected package python3-pkg-resources.
(Reading database ... 5697 files and directories currently installed.)
Preparing to unpack .../0-python3-pkg-resources_59.6.0-1.2ubuntu0.22.04.3_all.deb ...
Unpacking python3-pkg-resources (59.6.0-1.2ubuntu0.22.04.3) ...
Selecting previously unselected package python3-lib2to3.
Preparing to unpack .../1-python3-lib2to3_3.10.8-1~22.04_all.deb ...
Unpacking python3-lib2to3 (3.10.8-1~22.04) ...
Selecting previously unselected package python3-distutils.
Preparing to unpack .../2-python3-distutils_3.10.8-1~22.04_all.deb ...
Unpacking python3-distutils (3.10.8-1~22.04) ...
Selecting previously unselected package python3-setuptools.
Preparing to unpack .../3-python3-setuptools_59.6.0-1.2ubuntu0.22.04.3_all.deb ...
Unpacking python3-setuptools (59.6.0-1.2ubuntu0.22.04.3) ...
Selecting previously unselected package python3-wheel.
Preparing to unpack .../4-python3-wheel_0.37.1-2ubuntu0.22.04.1_all.deb ...
Unpacking python3-wheel (0.37.1-2ubuntu0.22.04.1) ...
Selecting previously unselected package python3-pip.
Preparing to unpack .../5-python3-pip_22.0.2+dfsg-1ubuntu0.7_all.deb ...
Unpacking python3-pip (22.0.2+dfsg-1ubuntu0.7) ...
Selecting previously unselected package python3-pip-whl.
Preparing to unpack .../6-python3-pip-whl_22.0.2+dfsg-1ubuntu0.7_all.deb ...
Unpacking python3-pip-whl (22.0.2+dfsg-1ubuntu0.7) ...
Selecting previously unselected package python3-setuptools-whl.
Preparing to unpack .../7-python3-setuptools-whl_59.6.0-1.2ubuntu0.22.04.3_all.deb ...
Unpacking python3-setuptools-whl (59.6.0-1.2ubuntu0.22.04.3) ...
Selecting previously unselected package python3.10-venv.
Preparing to unpack .../8-python3.10-venv_3.10.12-1~22.04.13_amd64.deb ...
Unpacking python3.10-venv (3.10.12-1~22.04.13) ...
Selecting previously unselected package python3-venv.
Preparing to unpack .../9-python3-venv_3.10.6-1~22.04.1_amd64.deb ...
Unpacking python3-venv (3.10.6-1~22.04.1) ...
Setting up python3-pkg-resources (59.6.0-1.2ubuntu0.22.04.3) ...
Setting up python3-setuptools-whl (59.6.0-1.2ubuntu0.22.04.3) ...
Setting up python3-pip-whl (22.0.2+dfsg-1ubuntu0.7) ...
Setting up python3-lib2to3 (3.10.8-1~22.04) ...
Setting up python3-distutils (3.10.8-1~22.04) ...
Setting up python3.10-venv (3.10.12-1~22.04.13) ...
Setting up python3-setuptools (59.6.0-1.2ubuntu0.22.04.3) ...
Setting up python3-wheel (0.37.1-2ubuntu0.22.04.1) ...
Setting up python3-venv (3.10.6-1~22.04.1) ...
Setting up python3-pip (22.0.2+dfsg-1ubuntu0.7) ...
Collecting numpy
  Downloading numpy-2.2.6-cp310-cp310-manylinux_2_17_x86_64.manylinux2014_x86_64.whl (16.8 MB)
     ━━━━━━━━━━━━━━━━━━━━━━━━━━━━━━━━━━━━━━━━ 16.8/16.8 MB 1.7 MB/s eta 0:00:00
Installing collected packages: numpy
Successfully installed numpy-2.2.6
WARNING: Running pip as the 'root' user can result in broken permissions and conflicting behaviour with the system package manager. It is recommended to use a virtual environment instead: https://pip.pypa.io/warnings/venv
root@f387ea541563:/# curl -fsSL https://raw.githubusercontent.com/TheAlgorithms/Python/master/maths/fibonacci.py | python
fib_iterative_yield runtime: 0.0010 ms
fib_iterative runtime: 0.0086 ms
fib_binet runtime: 0.0138 ms
fib_memoization runtime: 0.0503 ms
fib_recursive_cached runtime: 0.0792 ms
fib_recursive runtime: 1.8898 s
fib_matrix_np runtime: 0.0877 ms
root@f387ea541563:/# cat /proc/$$/status | grep VmRSS
VmRSS:      3704 kB
root@f387ea541563:/# python - <<EOF
print("Docker + Ubuntu + Python works")
for i in range(3):
    print("Run:", i)
EOF
Docker + Ubuntu + Python works
Run: 0
Run: 1
Run: 2